// Jest Snapshot v1, https://goo.gl/fbAQLP

exports[`renders App component correctly 1`] = `
<div>
  <div
    class="css-53jx4i"
  >
    <a
      aria-label="Open GitHub project"
      class="github-corner"
      href="https://github.com/igorradovanov/Drive-Images-Embed"
    >
      <svg
        height="80"
        style="position: absolute; top: 0px; fill: #fff; right: 0px;"
        viewBox="0 0 250 250"
        width="80"
      >
        <path
          class="octo-banner"
          d="M0 0l115 115h15l12 27 108 108V0z"
          fill="#151513"
        />
        <path
          class="octo-arm"
          d="M128 109c-15-9-9-19-9-19 3-7 2-11 2-11-1-7 3-2 3-2 4 5 2 11 2 11-3 10 5 15 9 16"
          style="transform-origin: 130px 106px;"
        />
        <path
          class="octo-body"
          d="M115 115s4 2 5 0l14-14c3-2 6-3 8-3-8-11-15-24 2-41 5-5 10-7 16-7 1-2 3-7 12-11 0 0 5 3 7 16 4 2 8 5 12 9s7 8 9 12c14 3 17 7 17 7-4 8-9 11-11 11 0 6-2 11-7 16-16 16-30 10-41 2 0 3-1 7-5 11l-12 11c-1 1 1 5 1 5z"
        />
      </svg>
    </a>
    <div
      class="chakra-stack css-1o9kk00"
    >
      <button
        aria-label="Toggle theme"
        class="chakra-button css-14t49hb"
        type="button"
      >
        <svg
          aria-hidden="true"
          class="chakra-icon css-onkibi"
          focusable="false"
          viewBox="0 0 24 24"
        >
          <g
            fill="none"
            stroke="currentColor"
            stroke-linecap="round"
            stroke-linejoin="round"
            stroke-width="2"
          >
            <circle
              cx="12"
              cy="12"
              r="5"
            />
            <path
              d="M12 1v2"
            />
            <path
              d="M12 21v2"
            />
            <path
              d="M4.22 4.22l1.42 1.42"
            />
            <path
              d="M18.36 18.36l1.42 1.42"
            />
            <path
              d="M1 12h2"
            />
            <path
              d="M21 12h2"
            />
            <path
              d="M4.22 19.78l1.42-1.42"
            />
            <path
              d="M18.36 5.64l1.42-1.42"
            />
          </g>
        </svg>
      </button>
      <p
        class="chakra-text css-6dvxm2"
      >
        Embed Google Drive Photos Easily
      </p>
      <p
        class="chakra-text css-504jus"
      >
        Paste your Google Drive link below to generate embed codes.
      </p>
      <div
        class="css-1yoib58"
      >
        <button
          class="chakra-button css-4xx2wk"
          type="button"
        >
          <span
            class="chakra-button__icon css-1wh2kri"
          >
            <svg
              aria-hidden="true"
              class="chakra-icon css-onkibi"
              focusable="false"
              viewBox="0 0 14 14"
            >
              <path
                d="M0.913134,0.920639 C1.49851,0.331726 2.29348,0 3.12342,0 L10.8766,0 C11.7065,0 12.5015,0.331725 13.0869,0.920639 C13.6721,1.50939 14,2.30689 14,3.13746 L14,8.12943 C13.9962,8.51443 13.9059,8.97125 13.7629,9.32852 C13.6128,9.683 13.3552,10.0709 13.0869,10.3462 C12.813,10.6163 12.4265,10.8761 12.0734,11.0274 C11.7172,11.1716 11.2607,11.263 10.8766,11.2669 L10.1234,11.2669 L10.1234,12.5676 L10.1209,12.5676 C10.1204,12.793 10.0633,13.0791 9.97807,13.262 C9.8627,13.466 9.61158,13.7198 9.40818,13.8382 L9.40824,13.8383 C9.4077,13.8386 9.40716,13.8388 9.40661,13.8391 C9.40621,13.8393 9.4058,13.8396 9.40539,13.8398 L9.40535,13.8397 C9.22958,13.9254 8.94505,13.9951 8.75059,14 L8.74789,14 C8.35724,13.9963 7.98473,13.8383 7.71035,13.5617 L5.39553,11.2669 L3.12342,11.2669 C2.29348,11.2669 1.49851,10.9352 0.913134,10.3462 C0.644826,10.0709 0.387187,9.683 0.23711,9.32852 C0.0941235,8.97125 0.00379528,8.51443 0,8.12943 L0,3.13746 C0,2.30689 0.327915,1.50939 0.913134,0.920639 Z M3.12342,1.59494 C2.71959,1.59494 2.33133,1.75628 2.04431,2.04503 C1.75713,2.33395 1.59494,2.72681 1.59494,3.13746 L1.59494,8.12943 C1.59114,8.35901 1.62114,8.51076 1.71193,8.72129 C1.79563,8.9346 1.88065,9.06264 2.04431,9.22185 C2.33133,9.5106 2.71959,9.67195 3.12342,9.67195 L5.72383,9.67195 C5.93413,9.67195 6.13592,9.75502 6.28527,9.90308 L8.52848,12.1269 L8.52848,10.4694 C8.52848,10.029 8.88552,9.67195 9.32595,9.67195 L10.8766,9.67195 C11.1034,9.67583 11.2517,9.64614 11.4599,9.55518 C11.6712,9.47132 11.7976,9.38635 11.9557,9.22185 C12.1193,9.06264 12.2044,8.9346 12.2881,8.72129 C12.3789,8.51076 12.4089,8.35901 12.4051,8.12943 L12.4051,3.13746 C12.4051,2.72681 12.2429,2.33394 11.9557,2.04503 C11.6687,1.75628 11.2804,1.59494 10.8766,1.59494 L3.12342,1.59494 Z"
                fill="currentColor"
              />
            </svg>
          </span>
          Open FAQ
        </button>
        <button
          class="chakra-button css-4xx2wk"
          type="button"
        >
          <span
            class="chakra-button__icon css-1wh2kri"
          >
            <svg
              aria-hidden="true"
              class="chakra-icon css-onkibi"
              focusable="false"
              viewBox="0 0 24 24"
            >
              <path
                d="M0,12a1.5,1.5,0,0,0,1.5,1.5h8.75a.25.25,0,0,1,.25.25V22.5a1.5,1.5,0,0,0,3,0V13.75a.25.25,0,0,1,.25-.25H22.5a1.5,1.5,0,0,0,0-3H13.75a.25.25,0,0,1-.25-.25V1.5a1.5,1.5,0,0,0-3,0v8.75a.25.25,0,0,1-.25.25H1.5A1.5,1.5,0,0,0,0,12Z"
                fill="currentColor"
              />
            </svg>
          </span>
          Advanced
        </button>
      </div>
      <div
        class="css-k008qs"
      >
        <input
          class="chakra-input css-1fjlpmk"
          placeholder="Google Drive Link"
          value=""
        />
        <button
          class="chakra-button css-4xx2wk"
          type="button"
        >
          Generate
          <span
            class="chakra-button__icon css-1hzyiq5"
          >
            <svg
              aria-hidden="true"
              class="chakra-icon css-onkibi"
              focusable="false"
              viewBox="0 0 24 24"
            >
              <path
                d="M12 4l-1.41 1.41L16.17 11H4v2h12.17l-5.58 5.59L12 20l8-8z"
                fill="currentColor"
              />
            </svg>
          </span>
        </button>
      </div>
      <div
        class="css-yv6qpu"
      >
        <span
          class="chakra-badge css-h2t66p"
        >
          API Coming Soon
        </span>
        <p
          class="chakra-text css-1qxtz39"
        >
          ❤️ This project is open source. Submit your ideas on
           
          <a
            href="https://github.com/igorradovanov/Drive-Images-Embed"
          >
            <u>
              GitHub
            </u>
          </a>
          !
        </p>
      </div>
    </div>
  </div>
</div>
`;
